apiVersion: apps/v1
kind: Deployment
metadata:
  labels:
    app: nginx
  name: nginx
spec:
  template:
    metadata:
      labels:
        app: nginx
    spec:
      containers:
      - image: image1
        name: nginx
        volumeMounts:
        - mountPath: /tmp/ps
          name: nginx-persistent-storage
      volumes:
      - emptyDir: {}
        name: nginx-persistent-storage
      - configMap:
          name: configmap-in-base
        name: configmap-in-base
