apiVersion: v1
kind: ServiceAccount
metadata:
  name: my-sa1-ns2
  namespace: ns1
---
apiVersion: rbac.authorization.k8s.io/v1
kind: Role
metadata:
  name: my-role-ns2
  namespace: ns2
rules:
- apiGroups:
  - '*'
  resources:
  - '*'
  verbs:
  - '*'
---
apiVersion: rbac.authorization.k8s.io/v1
kind: RoleBinding
metadata:
  name: my-role-binding-ns2
  namespace: ns2
roleRef:
  apiGroup: rbac.authorization.k8s.io
  kind: Role
  name: my-role-ns2
