apiVersion: apps/v1
kind: Deployment
metadata:
  name: a-api
spec:
  template:
    spec:
      containers:
      - envFrom:
        - configMapRef:
            name: a-example-configmap-6ct58987ht
        name: app
---
apiVersion: v1
kind: ConfigMap
metadata:
  name: a-example-configmap-6ct58987ht
---
apiVersion: apps/v1
kind: Deployment
metadata:
  name: b-api
spec:
  template:
    spec:
      containers:
      - envFrom:
        - configMapRef:
            name: b-example-configmap-6ct58987ht
        name: app
---
apiVersion: v1
kind: ConfigMap
metadata:
  name: b-example-configmap-6ct58987ht
