apiVersion: apps/v1
kind: StatefulSet
metadata:
  labels:
    app.kubernetes.io/name: set
    foo: bar
  name: set
spec:
  replicas: 3
  selector:
    matchLabels:
      app.kubernetes.io/name: set
  serviceName: set
  template:
    metadata:
      labels:
        app.kubernetes.io/name: set
        foo: bar
