apiVersion: apps/v1
kind: Deployment
metadata:
  name: zzz-myDeployment
spec:
  template:
    metadata:
      labels:
        backend: awesome
    spec:
      containers:
      - image: whatever
        name: whatever
---
apiVersion: v1
kind: Role
metadata:
  name: myRole
---
apiVersion: v1
kind: Service
metadata:
  name: zzz-myService
