apiVersion: apps/v1
kind: Deployment
metadata:
  annotations:
    baseAnno: This is a base annotation
    note: This is a test annotation
  labels:
    app: mungebot
    foo: bar
    org: kubernetes
    repo: test-infra
  name: test-infra-baseprefix-mungebot
spec:
  replicas: 2
  selector:
    matchLabels:
      app: mungebot
      foo: bar
      org: kubernetes
      repo: test-infra
  template:
    metadata:
      annotations:
        baseAnno: This is a base annotation
        note: This is a test annotation
      labels:
        app: mungebot
        foo: bar
        org: kubernetes
        repo: test-infra
    spec:
      containers:
      - env:
        - name: FOO
          valueFrom:
            configMapKeyRef:
              key: somekey
              name: test-infra-app-env-8h5mh7f7ch
        - name: foo
          value: bar
        image: nginx:1.8.0
        name: nginx
        ports:
        - containerPort: 80
      - envFrom:
        - configMapRef:
            name: someConfigMap
        - configMapRef:
            name: test-infra-app-env-8h5mh7f7ch
        image: busybox
        name: busybox
        volumeMounts:
        - mountPath: /tmp/env
          name: app-env
      volumes:
      - configMap:
          name: test-infra-app-env-8h5mh7f7ch
        name: app-env
---
apiVersion: v1
kind: Service
metadata:
  annotations:
    baseAnno: This is a base annotation
    note: This is a test annotation
  labels:
    app: mungebot
    foo: bar
    org: kubernetes
    repo: test-infra
  name: test-infra-baseprefix-mungebot-service
spec:
  ports:
  - port: 7002
  selector:
    app: mungebot
    foo: bar
    org: kubernetes
    repo: test-infra
---
apiVersion: v1
data:
  DB_PASSWORD: somepw
  DB_USERNAME: admin
  ENERGY: electronvolt
  FRUIT: banana
  LEGUME: chickpea
  LENGTH: kilometer
kind: ConfigMap
metadata:
  annotations:
    note: This is a test annotation
  labels:
    app: mungebot
    org: kubernetes
    repo: test-infra
  name: test-infra-app-env-8h5mh7f7ch
---
apiVersion: v1
data:
  nonsense: "Lorem ipsum dolor sit amet, consectetur\nadipiscing elit, sed do eiusmod
    tempor\nincididunt ut labore et dolore magna aliqua. \n"
kind: ConfigMap
metadata:
  annotations:
    note: This is a test annotation
  labels:
    app: mungebot
    org: kubernetes
    repo: test-infra
  name: test-infra-app-config-49d6f5h7b5
