apiVersion: v1
data:
  altGreeting: Good Morning from non-default namespace!
  enableRisky: "false"
kind: ConfigMap
metadata:
  name: the-non-default-namespace-map-64b2md8tth
  namespace: non-default
---
apiVersion: v1
data:
  altGreeting: Good Morning from default namespace!
  enableRisky: "false"
kind: ConfigMap
metadata:
  name: the-map-tg7t5hk8bk
---
apiVersion: v1
data:
  password.txt: dmVyeVNlY3JldA==
kind: Secret
metadata:
  name: the-non-default-namespace-secret-8tc9gdd76t
  namespace: non-default
type: Opaque
---
apiVersion: v1
data:
  password.txt: YW5vdGhlclNlY3JldA==
kind: Secret
metadata:
  name: the-secret-6557m7fcg8
type: Opaque
