apiVersion: apps/v1
kind: Deployment
metadata:
  name: project-app
spec:
  template:
    spec:
      containers:
      - env:
        - name: XQL_ZERO_ARG
          valueFrom:
            secretKeyRef:
              key: arg
              name: project-xql-zero-xql-secret-6khmtc56hm
        - name: XQL_ZERO_PASSWORD
          valueFrom:
            secretKeyRef:
              key: password
              name: project-xql-zero-xql-secret-6khmtc56hm
        - name: XQL_ONE_ARG
          valueFrom:
            secretKeyRef:
              key: arg
              name: project-xql-one-xql-secret-79mhmf5dgt
        - name: XQL_ONE_PASSWORD
          valueFrom:
            secretKeyRef:
              key: password
              name: project-xql-one-xql-secret-79mhmf5dgt
        image: example.com/app:latest
        imagePullPolicy: Always
        name: app
---
apiVersion: v1
data:
  arg: MA==
  password: U1VQRVJfU0VDUkVUX1BBU1NXT1JE
kind: Secret
metadata:
  name: project-xql-zero-xql-secret-6khmtc56hm
type: Opaque
---
apiVersion: v1
data:
  arg: MQ==
  password: U1VQRVJfU0VDUkVUX1BBU1NXT1JE
kind: Secret
metadata:
  name: project-xql-one-xql-secret-79mhmf5dgt
type: Opaque
