apiVersion: apps/v1
kind: Deployment
metadata:
  name: nginx
spec:
  template:
    spec:
      containers:
      - envFrom:
        - configMapRef:
            name: some-config
        - configMapRef:
            name: more-config
        - configMapRef:
            name: another-config
        image: image1
        name: nginx
