apiVersion: v1
kind: ServiceAccount
metadata:
  name: b-pfx-serviceaccount-sfx-suffixB
---
apiVersion: rbac.authorization.k8s.io/v1beta1
kind: RoleBinding
metadata:
  name: b-pfx-rolebinding-sfx-suffixB
roleRef:
  apiGroup: rbac.authorization.k8s.io
  kind: ClusterRole
  name: b-pfx-role-sfx-suffixB
subjects:
- kind: ServiceAccount
  name: b-pfx-serviceaccount-sfx-suffixB
---
apiVersion: rbac.authorization.k8s.io/v1beta1
kind: ClusterRoleBinding
metadata:
  name: b-pfx-rolebinding-sfx-suffixB
roleRef:
  apiGroup: rbac.authorization.k8s.io
  kind: ClusterRole
  name: b-pfx-role-sfx-suffixB
subjects:
- kind: ServiceAccount
  name: b-pfx-serviceaccount-sfx-suffixB
---
apiVersion: rbac.authorization.k8s.io/v1
kind: ClusterRole
metadata:
  name: b-pfx-role-sfx-suffixB
rules:
- apiGroups:
  - ""
  resources:
  - secrets
  verbs:
  - get
  - watch
  - list
