apiVersion: v1
kind: Pod
metadata:
  labels:
    app: my-app
  name: my-pod-1
  namespace: default
spec:
  containers:
  - image: nginx:1.19.10
    name: my-container
    ports:
    - containerPort: 80
---
apiVersion: v1
kind: Pod
metadata:
  labels:
    app: my-app
  name: my-pod-2
  namespace: default
spec:
  containers:
  - image: nginx:1.19.10
    name: my-container
    ports:
    - containerPort: 80
---
apiVersion: v1
kind: Pod
metadata:
  labels:
    app: my-app
  name: my-pod-3
  namespace: default
spec:
  containers:
  - image: nginx:1.19.10
    name: my-container
    ports:
    - containerPort: 80
