apiVersion: v1
kind: ConfigMap
metadata:
  name: p1-cm1-s1
  namespace: newnamespace
---
apiVersion: v1
kind: ConfigMap
metadata:
  name: p1-cm2-s1
  namespace: newnamespace
---
apiVersion: v1
kind: Service
metadata:
  name: p1-svc1-s1
  namespace: newnamespace
---
apiVersion: v1
kind: Service
metadata:
  name: p1-svc2-s1
  namespace: newnamespace
---
apiVersion: v1
kind: ServiceAccount
metadata:
  name: p1-sa1-s1
  namespace: newnamespace
---
apiVersion: v1
kind: ServiceAccount
metadata:
  name: p1-sa2-s1
  namespace: newnamespace
---
apiVersion: rbac.authorization.k8s.io/v1
kind: ClusterRoleBinding
metadata:
  name: p1-manager-rolebinding-s1
subjects:
- kind: ServiceAccount
  name: p1-sa1-s1
  namespace: newnamespace
- kind: ServiceAccount
  name: p1-sa2-s1
  namespace: newnamespace
- kind: ServiceAccount
  name: sa3
  namespace: random
- kind: ServiceAccount
  name: default
  namespace: newnamespace
---
apiVersion: admissionregistration.k8s.io/v1
kind: ValidatingWebhookConfiguration
metadata:
  name: p1-example-s1
webhooks:
- clientConfig:
    service:
      name: p1-svc1-s1
      namespace: newnamespace
  name: example1
- clientConfig:
    service:
      name: p1-svc2-s1
      namespace: newnamespace
  name: example2
- clientConfig:
    service:
      name: svc3
      namespace: random
  name: example3
---
apiVersion: apiextensions.k8s.io/v1
kind: CustomResourceDefinition
metadata:
  name: crds.my.org
---
apiVersion: apiextensions.k8s.io/v1
kind: CustomResourceDefinition
metadata:
  name: namespace.crds.my.org
spec:
  conversion:
    strategy: Webhook
    webhook:
      clientConfig:
        service:
          name: crd-svc
          namespace: newnamespace
---
apiVersion: rbac.authorization.k8s.io/v1
kind: ClusterRole
metadata:
  name: p1-cr1-s1
---
apiVersion: rbac.authorization.k8s.io/v1
kind: ClusterRoleBinding
metadata:
  name: p1-crb1-s1
subjects:
- kind: ServiceAccount
  name: default
  namespace: newnamespace
---
apiVersion: v1
kind: PersistentVolume
metadata:
  name: p1-pv1-s1
