apiVersion: v1
data:
  foo: bar
  foo2: bar2
kind: ConfigMap
metadata:
  annotations:
    note: This is a test annotation
  labels:
    app: mynginx
    env: staging
    org: example.com
    team: foo
  name: staging-team-foo-configmap-in-base-8cmgkm9f44
---
apiVersion: v1
data:
  hello: world
kind: ConfigMap
metadata:
  labels:
    env: staging
  name: staging-configmap-in-overlay-dc6fm46dhm
