apiVersion: v1
kind: ServiceAccount
metadata:
  name: pfx-serviceaccount-sfx
---
apiVersion: rbac.authorization.k8s.io/v1beta1
kind: RoleBinding
metadata:
  name: pfx-rolebinding-sfx
roleRef:
  apiGroup: rbac.authorization.k8s.io
  kind: ClusterRole
  name: pfx-role-sfx
subjects:
- kind: ServiceAccount
  name: pfx-serviceaccount-sfx
---
apiVersion: rbac.authorization.k8s.io/v1beta1
kind: ClusterRoleBinding
metadata:
  name: pfx-rolebinding-sfx
roleRef:
  apiGroup: rbac.authorization.k8s.io
  kind: ClusterRole
  name: pfx-role-sfx
subjects:
- kind: ServiceAccount
  name: pfx-serviceaccount-sfx
---
apiVersion: rbac.authorization.k8s.io/v1
kind: ClusterRole
metadata:
  name: pfx-role-sfx
rules:
- apiGroups:
  - ""
  resources:
  - secrets
  verbs:
  - get
  - watch
  - list
