apiVersion: v1
data:
  key: value
kind: ConfigMap
metadata:
  name: test-t757gk2bmf
  namespace: default
---
apiVersion: v1
data:
  key: value
kind: ConfigMap
metadata:
  name: test-t757gk2bmf
  namespace: kube-system
---
apiVersion: v1
data:
  password: c29tZXB3
  username: YWRtaW4=
kind: Secret
metadata:
  name: test-bgd6bkgdm2
  namespace: default
type: Opaque
---
apiVersion: v1
data:
  password: c29tZXB3
  username: YWRtaW4=
kind: Secret
metadata:
  name: test-bgd6bkgdm2
  namespace: kube-system
type: Opaque
