apiVersion: rbac.authorization.k8s.io/v1
kind: ClusterRole
metadata:
  name: prefix_my-role
rules:
- apiGroups:
  - '*'
  resources:
  - '*'
  verbs:
  - get
---
apiVersion: rbac.authorization.k8s.io/v1
kind: ClusterRoleBinding
metadata:
  name: my-role
roleRef:
  apiGroup: rbac.authorization.k8s.io
  kind: ClusterRole
  name: prefix_my-role
subjects:
- kind: ServiceAccount
  name: default
  namespace: foo
---
apiVersion: rbac.authorization.k8s.io/v1
kind: Role
metadata:
  name: my-role
  namespace: foo
rules:
- apiGroups:
  - ""
  resources:
  - secrets
  verbs:
  - get
---
apiVersion: rbac.authorization.k8s.io/v1
kind: RoleBinding
metadata:
  name: my-role
  namespace: foo
roleRef:
  apiGroup: rbac.authorization.k8s.io
  kind: Role
  name: my-role
  version: v1
subjects:
- kind: ServiceAccount
  name: default
  namespace: foo
