apiVersion: v1
data:
  HOST: everest
  MYSQL_DATABASE: db
  MYSQL_PASSWORD: correct horse battery staple
  MYSQL_USER: my-user
kind: ConfigMap
metadata:
  name: mysql-t7tt4cdbmf
---
apiVersion: apps/v1
kind: Deployment
metadata:
  name: short-suffix
spec:
  template:
    spec:
      containers:
      - env:
        - valueFrom:
            configMapKeyRef:
              key: MYSQL_DATABASE
              name: mysql-t7tt4cdbmf
        envFrom:
        - configMapRef:
            name: mysql-t7tt4cdbmf
        name: handler
