apiVersion: v1
data:
  dummy: ""
kind: Secret
metadata:
  name: dummy
  namespace: default
type: Opaque
---
apiVersion: v1
data:
  dummy: ""
kind: Secret
metadata:
  name: dummy
  namespace: kube-system
type: Opaque
---
apiVersion: rbac.authorization.k8s.io/v1
kind: ClusterRole
metadata:
  name: dummy
rules:
- apiGroups:
  - ""
  resourceNames:
  - dummy
  resources:
  - secrets
  verbs:
  - get
