apiVersion: v1
kind: PersistentVolumeClaim
metadata:
  name: kustomized-shared-volume-claim
spec:
  accessModes:
  - ReadWriteOnce
  resources:
    requests:
      storage: 10Gi
---
apiVersion: extensions/v1beta1
kind: Deployment
metadata:
  name: kustomized-nfs-server
spec:
  replicas: 1
  template:
    spec:
      containers:
      - image: gcr.io/google_containers/volume-nfs:0.8
        name: nfs-server
        ports:
        - containerPort: 2049
          name: nfs
        - containerPort: 20048
          name: mountd
        - containerPort: 111
          name: rpcbind
        securityContext:
          privileged: true
        volumeMounts:
        - mountPath: /exports
          name: shared-files
      metadata:
        labels:
          role: nfs-server
      volumes:
      - name: shared-files
        persistentVolumeClaim:
          claimName: kustomized-shared-volume-claim
---
apiVersion: v1
kind: Service
metadata:
  name: kustomized-nfs-server-service
spec:
  ports:
  - name: nfs
    port: 2049
  - name: mountd
    port: 20048
  - name: rpcbind
    port: 111
  selector:
    role: nfs-server
---
apiVersion: apps/v1
kind: Deployment
metadata:
  labels:
    app.kubernetes.io/component: nginx
  name: kustomized-nginx
spec:
  selector:
    matchLabels:
      app.kubernetes.io/component: nginx
  template:
    metadata:
      labels:
        app.kubernetes.io/component: nginx
    spec:
      containers:
      - image: nginx:1.15.7-alpine
        name: nginx
        ports:
        - containerPort: 80
          name: http
        volumeMounts:
        - mountPath: shared-files
          name: nfs-files-vol
      volumes:
      - name: nfs-files-vol
        nfs:
          path: /
          readOnly: false
          server: kustomized-nfs-server-service.default.srv.cluster.local
---
apiVersion: batch/v1beta1
kind: CronJob
metadata:
  name: kustomized-hello
spec:
  jobTemplate:
    spec:
      template:
        spec:
          containers:
          - args:
            - /bin/sh
            - -c
            - date; echo Hello from the Kubernetes cluster
            image: busybox
            name: hello
          restartPolicy: OnFailure
          volumeMounts:
          - mountPath: shared-files
            name: nfs-files-vol
        volumes:
        - name: nfs-files-vol
          nfs:
            path: /
            readOnly: false
            server: kustomized-nfs-server-service.default.srv.cluster.local
  schedule: '*/1 * * * *'
---
apiVersion: apps/v1
kind: DaemonSet
metadata:
  labels:
    k8s-app: fluentd-logging
  name: kustomized-fluentd-elasticsearch
  namespace: kube-system
spec:
  selector:
    matchLabels:
      name: fluentd-elasticsearch
  template:
    metadata:
      labels:
        name: fluentd-elasticsearch
    spec:
      containers:
      - image: quay.io/fluentd_elasticsearch/fluentd:v2.5.2
        name: fluentd-elasticsearch
        resources:
          limits:
            memory: 200Mi
          requests:
            cpu: 100m
            memory: 200Mi
        volumeMounts:
        - mountPath: /var/log
          name: varlog
        - mountPath: /var/lib/docker/containers
          name: varlibdockercontainers
          readOnly: true
        - mountPath: shared-files
          name: nfs-files-vol
      terminationGracePeriodSeconds: 30
      tolerations:
      - effect: NoSchedule
        key: node-role.kubernetes.io/master
      volumes:
      - hostPath:
          path: /var/log
        name: varlog
      - hostPath:
          path: /var/lib/docker/containers
        name: varlibdockercontainers
      - name: nfs-files-vol
        nfs:
          path: /
          readOnly: false
          server: kustomized-nfs-server-service.default.srv.cluster.local
---
apiVersion: apps/v1
kind: ReplicaSet
metadata:
  labels:
    app: guestbook
    tier: frontend
  name: kustomized-frontend
spec:
  replicas: 3
  selector:
    matchLabels:
      tier: frontend
  template:
    metadata:
      labels:
        tier: frontend
    spec:
      containers:
      - image: gcr.io/google_samples/gb-frontend:v3
        name: php-redis
        volumeMounts:
        - mountPath: shared-files
          name: nfs-files-vol
      volumes:
      - name: nfs-files-vol
        nfs:
          path: /
          readOnly: false
          server: kustomized-nfs-server-service.default.srv.cluster.local
---
apiVersion: apps/v1
kind: StatefulSet
metadata:
  name: kustomized-web
spec:
  replicas: 3
  selector:
    matchLabels:
      app: nginx
  serviceName: nginx
  template:
    metadata:
      labels:
        app: nginx
    spec:
      containers:
      - image: registry.k8s.io/nginx-slim:0.8
        name: nginx
        ports:
        - containerPort: 80
          name: web
        volumeMounts:
        - mountPath: /usr/share/nginx/html
          name: www
      terminationGracePeriodSeconds: 10
  volumeClaimTemplates:
  - metadata:
      name: www
    spec:
      accessModes:
      - ReadWriteMany
      nfs:
        path: /
        readOnly: false
        server: kustomized-nfs-server-service.default.srv.cluster.local
---
apiVersion: v1
kind: Pod
metadata:
  labels:
    app: myapp
  name: kustomized-myapp-pod
spec:
  containers:
  - image: nginx:1.15.7-alpine
    name: nginx
    ports:
    - containerPort: 80
      name: http
  volumeMounts:
  - mountPath: shared-files
    name: nfs-files-vol
  volumes:
  - name: nfs-files-vol
    nfs:
      path: /
      readOnly: false
      server: kustomized-nfs-server-service.default.srv.cluster.local
---
apiVersion: batch/v1
kind: Job
metadata:
  name: kustomized-pi
spec:
  backoffLimit: 4
  template:
    spec:
      containers:
      - command:
        - perl
        - -Mbignum=bpi
        - -wle
        - print bpi(2000)
        image: perl
        name: pi
        volumeMounts:
        - mountPath: shared-files
          name: nfs-files-vol
      restartPolicy: Never
      volumes:
      - name: nfs-files-vol
        nfs:
          path: /
          readOnly: false
          server: kustomized-nfs-server-service.default.srv.cluster.local
---
apiVersion: v1
kind: PersistentVolume
metadata:
  name: kustomized-nfs-files-pv
spec:
  accessModes:
  - ReadWriteMany
  capacity:
    storage: 10Gi
  nfs:
    path: /
    readOnly: false
    server: kustomized-nfs-server-service.default.srv.cluster.local
